Archive member included because of file (symbol)

c:/winavr-20100110/bin/../lib/gcc/avr/4.3.3/avr5\libgcc.a(_exit.o)
                              c:/winavr-20100110/bin/../lib/gcc/avr/4.3.3/../../../../avr/lib/avr5/crtm32.o (exit)
c:/winavr-20100110/bin/../lib/gcc/avr/4.3.3/avr5\libgcc.a(_clear_bss.o)
                              ./RTOS_Pro.o (__do_clear_bss)

Allocating common symbols
Common symbol       size              file

RTOS_astrTaskArr    0xc               ./RTOS_Pro.o

Memory Configuration

Name             Origin             Length             Attributes
text             0x00000000         0x00020000         xr
data             0x00800060         0x0000ffa0         rw !x
eeprom           0x00810000         0x00010000         rw !x
fuse             0x00820000         0x00000400         rw !x
lock             0x00830000         0x00000400         rw !x
signature        0x00840000         0x00000400         rw !x
*default*        0x00000000         0xffffffff

Linker script and memory map

LOAD c:/winavr-20100110/bin/../lib/gcc/avr/4.3.3/../../../../avr/lib/avr5/crtm32.o
LOAD ./DIO_Pro.o
LOAD ./RTOS_Pro.o
LOAD ./Timer0_Pro.o
LOAD ./main_RTOS.o
LOAD c:/winavr-20100110/bin/../lib/gcc/avr/4.3.3/avr5\libgcc.a
LOAD c:/winavr-20100110/bin/../lib/gcc/avr/4.3.3/../../../../avr/lib/avr5\libc.a
LOAD c:/winavr-20100110/bin/../lib/gcc/avr/4.3.3/avr5\libgcc.a

.hash
 *(.hash)

.dynsym
 *(.dynsym)

.dynstr
 *(.dynstr)

.gnu.version
 *(.gnu.version)

.gnu.version_d
 *(.gnu.version_d)

.gnu.version_r
 *(.gnu.version_r)

.rel.init
 *(.rel.init)

.rela.init
 *(.rela.init)

.rel.text
 *(.rel.text)
 *(.rel.text.*)
 *(.rel.gnu.linkonce.t*)

.rela.text
 *(.rela.text)
 *(.rela.text.*)
 *(.rela.gnu.linkonce.t*)

.rel.fini
 *(.rel.fini)

.rela.fini
 *(.rela.fini)

.rel.rodata
 *(.rel.rodata)
 *(.rel.rodata.*)
 *(.rel.gnu.linkonce.r*)

.rela.rodata
 *(.rela.rodata)
 *(.rela.rodata.*)
 *(.rela.gnu.linkonce.r*)

.rel.data
 *(.rel.data)
 *(.rel.data.*)
 *(.rel.gnu.linkonce.d*)

.rela.data
 *(.rela.data)
 *(.rela.data.*)
 *(.rela.gnu.linkonce.d*)

.rel.ctors
 *(.rel.ctors)

.rela.ctors
 *(.rela.ctors)

.rel.dtors
 *(.rel.dtors)

.rela.dtors
 *(.rela.dtors)

.rel.got
 *(.rel.got)

.rela.got
 *(.rela.got)

.rel.bss
 *(.rel.bss)

.rela.bss
 *(.rela.bss)

.rel.plt
 *(.rel.plt)

.rela.plt
 *(.rela.plt)

.text           0x00000000     0x11e2
 *(.vectors)
 .vectors       0x00000000       0x54 c:/winavr-20100110/bin/../lib/gcc/avr/4.3.3/../../../../avr/lib/avr5/crtm32.o
                0x00000000                __vectors
                0x00000000                __vector_default
 *(.vectors)
 *(.progmem.gcc*)
 *(.progmem*)
                0x00000054                . = ALIGN (0x2)
                0x00000054                __trampolines_start = .
 *(.trampolines)
 .trampolines   0x00000054        0x0 linker stubs
 *(.trampolines*)
                0x00000054                __trampolines_end = .
 *(.jumptables)
 *(.jumptables*)
 *(.lowtext)
 *(.lowtext*)
                0x00000054                __ctors_start = .
 *(.ctors)
                0x00000054                __ctors_end = .
                0x00000054                __dtors_start = .
 *(.dtors)
                0x00000054                __dtors_end = .
 SORT(*)(.ctors)
 SORT(*)(.dtors)
 *(.init0)
 .init0         0x00000054        0x0 c:/winavr-20100110/bin/../lib/gcc/avr/4.3.3/../../../../avr/lib/avr5/crtm32.o
                0x00000054                __init
 *(.init0)
 *(.init1)
 *(.init1)
 *(.init2)
 .init2         0x00000054        0xc c:/winavr-20100110/bin/../lib/gcc/avr/4.3.3/../../../../avr/lib/avr5/crtm32.o
 *(.init2)
 *(.init3)
 *(.init3)
 *(.init4)
 .init4         0x00000060       0x10 c:/winavr-20100110/bin/../lib/gcc/avr/4.3.3/avr5\libgcc.a(_clear_bss.o)
                0x00000060                __do_clear_bss
 *(.init4)
 *(.init5)
 *(.init5)
 *(.init6)
 *(.init6)
 *(.init7)
 *(.init7)
 *(.init8)
 *(.init8)
 *(.init9)
 .init9         0x00000070        0x8 c:/winavr-20100110/bin/../lib/gcc/avr/4.3.3/../../../../avr/lib/avr5/crtm32.o
 *(.init9)
 *(.text)
 .text          0x00000078        0x4 c:/winavr-20100110/bin/../lib/gcc/avr/4.3.3/../../../../avr/lib/avr5/crtm32.o
                0x00000078                __vector_1
                0x00000078                __vector_12
                0x00000078                __bad_interrupt
                0x00000078                __vector_6
                0x00000078                __vector_3
                0x00000078                __vector_11
                0x00000078                __vector_13
                0x00000078                __vector_17
                0x00000078                __vector_19
                0x00000078                __vector_7
                0x00000078                __vector_5
                0x00000078                __vector_4
                0x00000078                __vector_9
                0x00000078                __vector_2
                0x00000078                __vector_15
                0x00000078                __vector_8
                0x00000078                __vector_14
                0x00000078                __vector_16
                0x00000078                __vector_18
                0x00000078                __vector_20
 .text          0x0000007c        0x0 ./DIO_Pro.o
 .text          0x0000007c        0x0 ./RTOS_Pro.o
 .text          0x0000007c        0x0 ./Timer0_Pro.o
 .text          0x0000007c        0x0 ./main_RTOS.o
 .text          0x0000007c        0x0 c:/winavr-20100110/bin/../lib/gcc/avr/4.3.3/avr5\libgcc.a(_exit.o)
 .text          0x0000007c        0x0 c:/winavr-20100110/bin/../lib/gcc/avr/4.3.3/avr5\libgcc.a(_clear_bss.o)
                0x0000007c                . = ALIGN (0x2)
 *(.text.*)
 .text.DIO_vSetPin
                0x0000007c       0xfa ./DIO_Pro.o
                0x0000007c                DIO_vSetPin
 .text.DIO_vClearPin
                0x00000176      0x104 ./DIO_Pro.o
                0x00000176                DIO_vClearPin
 .text.DIO_vTogglePin
                0x0000027a       0xfa ./DIO_Pro.o
                0x0000027a                DIO_vTogglePin
 .text.DIO_vGetPin
                0x00000374      0x156 ./DIO_Pro.o
                0x00000374                DIO_vGetPin
 .text.DIO_vSetPort
                0x000004ca       0x7e ./DIO_Pro.o
                0x000004ca                DIO_vSetPort
 .text.DIO_vClearPort
                0x00000548       0x76 ./DIO_Pro.o
                0x00000548                DIO_vClearPort
 .text.DIO_vSetPinDirec
                0x000005be      0x22e ./DIO_Pro.o
                0x000005be                DIO_vSetPinDirec
 .text.DIO_vToggletPort
                0x000007ec      0x158 ./DIO_Pro.o
                0x000007ec                DIO_vToggletPort
 .text.DIO_vSetPortvalue
                0x00000944       0x82 ./DIO_Pro.o
                0x00000944                DIO_vSetPortvalue
 .text.DIO_vSetPortDirec
                0x000009c6      0x474 ./DIO_Pro.o
                0x000009c6                DIO_vSetPortDirec
 .text.RTOS_intialize
                0x00000e3a       0x70 ./RTOS_Pro.o
                0x00000e3a                RTOS_intialize
 .text.RTOS_vScheduler
                0x00000eaa       0xd4 ./RTOS_Pro.o
                0x00000eaa                RTOS_vScheduler
 .text.RTOS_vCreatTask
                0x00000f7e       0x78 ./RTOS_Pro.o
                0x00000f7e                RTOS_vCreatTask
 .text.Timer0_initialize_Comp_mode
                0x00000ff6       0x78 ./Timer0_Pro.o
                0x00000ff6                Timer0_initialize_Comp_mode
 .text.__vector_10
                0x0000106e       0x78 ./Timer0_Pro.o
                0x0000106e                __vector_10
 .text.TIMER0_vSetCallback
                0x000010e6       0x24 ./Timer0_Pro.o
                0x000010e6                TIMER0_vSetCallback
 .text.main     0x0000110a       0x92 ./main_RTOS.o
                0x0000110a                main
 .text.Control_LED1
                0x0000119c       0x16 ./main_RTOS.o
                0x0000119c                Control_LED1
 .text.Control_LED2
                0x000011b2       0x16 ./main_RTOS.o
                0x000011b2                Control_LED2
 .text.Control_LED3
                0x000011c8       0x16 ./main_RTOS.o
                0x000011c8                Control_LED3
 .text.libgcc   0x000011de        0x0 c:/winavr-20100110/bin/../lib/gcc/avr/4.3.3/avr5\libgcc.a(_exit.o)
 .text.libgcc   0x000011de        0x0 c:/winavr-20100110/bin/../lib/gcc/avr/4.3.3/avr5\libgcc.a(_clear_bss.o)
                0x000011de                . = ALIGN (0x2)
 *(.fini9)
 .fini9         0x000011de        0x0 c:/winavr-20100110/bin/../lib/gcc/avr/4.3.3/avr5\libgcc.a(_exit.o)
                0x000011de                exit
                0x000011de                _exit
 *(.fini9)
 *(.fini8)
 *(.fini8)
 *(.fini7)
 *(.fini7)
 *(.fini6)
 *(.fini6)
 *(.fini5)
 *(.fini5)
 *(.fini4)
 *(.fini4)
 *(.fini3)
 *(.fini3)
 *(.fini2)
 *(.fini2)
 *(.fini1)
 *(.fini1)
 *(.fini0)
 .fini0         0x000011de        0x4 c:/winavr-20100110/bin/../lib/gcc/avr/4.3.3/avr5\libgcc.a(_exit.o)
 *(.fini0)
                0x000011e2                _etext = .

.data           0x00800060        0x0 load address 0x000011e2
                0x00800060                PROVIDE (__data_start, .)
 *(.data)
 .data          0x00800060        0x0 c:/winavr-20100110/bin/../lib/gcc/avr/4.3.3/../../../../avr/lib/avr5/crtm32.o
 .data          0x00800060        0x0 ./DIO_Pro.o
 .data          0x00800060        0x0 ./RTOS_Pro.o
 .data          0x00800060        0x0 ./Timer0_Pro.o
 .data          0x00800060        0x0 ./main_RTOS.o
 .data          0x00800060        0x0 c:/winavr-20100110/bin/../lib/gcc/avr/4.3.3/avr5\libgcc.a(_exit.o)
 .data          0x00800060        0x0 c:/winavr-20100110/bin/../lib/gcc/avr/4.3.3/avr5\libgcc.a(_clear_bss.o)
 *(.data*)
 *(.rodata)
 *(.rodata*)
 *(.gnu.linkonce.d*)
                0x00800060                . = ALIGN (0x2)
                0x00800060                _edata = .
                0x00800060                PROVIDE (__data_end, .)

.bss            0x00800060        0xf
                0x00800060                PROVIDE (__bss_start, .)
 *(.bss)
 .bss           0x00800060        0x0 c:/winavr-20100110/bin/../lib/gcc/avr/4.3.3/../../../../avr/lib/avr5/crtm32.o
 .bss           0x00800060        0x0 ./DIO_Pro.o
 .bss           0x00800060        0x0 ./RTOS_Pro.o
 .bss           0x00800060        0x0 ./Timer0_Pro.o
 .bss           0x00800060        0x0 ./main_RTOS.o
 .bss           0x00800060        0x0 c:/winavr-20100110/bin/../lib/gcc/avr/4.3.3/avr5\libgcc.a(_exit.o)
 .bss           0x00800060        0x0 c:/winavr-20100110/bin/../lib/gcc/avr/4.3.3/avr5\libgcc.a(_clear_bss.o)
 *(.bss*)
 .bss.local_count.1284
                0x00800060        0x1 ./Timer0_Pro.o
 .bss.ptr_fun   0x00800061        0x2 ./Timer0_Pro.o
 *(COMMON)
 COMMON         0x00800063        0xc ./RTOS_Pro.o
                0x00800063                RTOS_astrTaskArr
                0x0080006f                PROVIDE (__bss_end, .)
                0x000011e2                __data_load_start = LOADADDR (.data)
                0x000011e2                __data_load_end = (__data_load_start + SIZEOF (.data))

.noinit         0x0080006f        0x0
                0x0080006f                PROVIDE (__noinit_start, .)
 *(.noinit*)
                0x0080006f                PROVIDE (__noinit_end, .)
                0x0080006f                _end = .
                0x0080006f                PROVIDE (__heap_start, .)

.eeprom         0x00810000        0x0
 *(.eeprom*)
                0x00810000                __eeprom_end = .

.fuse
 *(.fuse)
 *(.lfuse)
 *(.hfuse)
 *(.efuse)

.lock
 *(.lock*)

.signature
 *(.signature*)

.stab           0x00000000     0x13bc
 *(.stab)
 .stab          0x00000000      0xa50 ./DIO_Pro.o
 .stab          0x00000a50      0x2a0 ./RTOS_Pro.o
                                0x2f4 (size before relaxing)
 .stab          0x00000cf0      0x438 ./Timer0_Pro.o
                                0x48c (size before relaxing)
 .stab          0x00001128      0x294 ./main_RTOS.o
                                0x300 (size before relaxing)

.stabstr        0x00000000      0xad8
 *(.stabstr)
 .stabstr       0x00000000      0xad8 ./DIO_Pro.o

.stab.excl
 *(.stab.excl)

.stab.exclstr
 *(.stab.exclstr)

.stab.index
 *(.stab.index)

.stab.indexstr
 *(.stab.indexstr)

.comment
 *(.comment)

.debug
 *(.debug)

.line
 *(.line)

.debug_srcinfo
 *(.debug_srcinfo)

.debug_sfnames
 *(.debug_sfnames)

.debug_aranges
 *(.debug_aranges)

.debug_pubnames
 *(.debug_pubnames)

.debug_info
 *(.debug_info)
 *(.gnu.linkonce.wi.*)

.debug_abbrev
 *(.debug_abbrev)

.debug_line
 *(.debug_line)

.debug_frame
 *(.debug_frame)

.debug_str
 *(.debug_str)

.debug_loc
 *(.debug_loc)

.debug_macinfo
 *(.debug_macinfo)
OUTPUT(RTOS.elf elf32-avr)
LOAD linker stubs
