Archive member included because of file (symbol)

c:/winavr-20100110/bin/../lib/gcc/avr/4.3.3/avr5\libgcc.a(_exit.o)
                              c:/winavr-20100110/bin/../lib/gcc/avr/4.3.3/../../../../avr/lib/avr5/crtm16.o (exit)
c:/winavr-20100110/bin/../lib/gcc/avr/4.3.3/avr5\libgcc.a(_copy_data.o)
                              ./tasks.o (__do_copy_data)
c:/winavr-20100110/bin/../lib/gcc/avr/4.3.3/avr5\libgcc.a(_clear_bss.o)
                              ./croutine.o (__do_clear_bss)
c:/winavr-20100110/bin/../lib/gcc/avr/4.3.3/../../../../avr/lib/avr5\libc.a(memcpy.o)
                              ./queue.o (memcpy)
c:/winavr-20100110/bin/../lib/gcc/avr/4.3.3/../../../../avr/lib/avr5\libc.a(memset.o)
                              ./tasks.o (memset)
c:/winavr-20100110/bin/../lib/gcc/avr/4.3.3/../../../../avr/lib/avr5\libc.a(strncpy.o)
                              ./tasks.o (strncpy)

Memory Configuration

Name             Origin             Length             Attributes
text             0x00000000         0x00020000         xr
data             0x00800060         0x0000ffa0         rw !x
eeprom           0x00810000         0x00010000         rw !x
fuse             0x00820000         0x00000400         rw !x
lock             0x00830000         0x00000400         rw !x
signature        0x00840000         0x00000400         rw !x
*default*        0x00000000         0xffffffff

Linker script and memory map

LOAD c:/winavr-20100110/bin/../lib/gcc/avr/4.3.3/../../../../avr/lib/avr5/crtm16.o
LOAD ./RTOS_test_EX3.o
LOAD ./croutine.o
LOAD ./heap_1.o
LOAD ./list.o
LOAD ./port.o
LOAD ./queue.o
LOAD ./tasks.o
LOAD ./timers.o
LOAD c:/winavr-20100110/bin/../lib/gcc/avr/4.3.3/avr5\libgcc.a
LOAD c:/winavr-20100110/bin/../lib/gcc/avr/4.3.3/../../../../avr/lib/avr5\libc.a
LOAD c:/winavr-20100110/bin/../lib/gcc/avr/4.3.3/avr5\libgcc.a

.hash
 *(.hash)

.dynsym
 *(.dynsym)

.dynstr
 *(.dynstr)

.gnu.version
 *(.gnu.version)

.gnu.version_d
 *(.gnu.version_d)

.gnu.version_r
 *(.gnu.version_r)

.rel.init
 *(.rel.init)

.rela.init
 *(.rela.init)

.rel.text
 *(.rel.text)
 *(.rel.text.*)
 *(.rel.gnu.linkonce.t*)

.rela.text
 *(.rela.text)
 *(.rela.text.*)
 *(.rela.gnu.linkonce.t*)

.rel.fini
 *(.rel.fini)

.rela.fini
 *(.rela.fini)

.rel.rodata
 *(.rel.rodata)
 *(.rel.rodata.*)
 *(.rel.gnu.linkonce.r*)

.rela.rodata
 *(.rela.rodata)
 *(.rela.rodata.*)
 *(.rela.gnu.linkonce.r*)

.rel.data
 *(.rel.data)
 *(.rel.data.*)
 *(.rel.gnu.linkonce.d*)

.rela.data
 *(.rela.data)
 *(.rela.data.*)
 *(.rela.gnu.linkonce.d*)

.rel.ctors
 *(.rel.ctors)

.rela.ctors
 *(.rela.ctors)

.rel.dtors
 *(.rel.dtors)

.rela.dtors
 *(.rela.dtors)

.rel.got
 *(.rel.got)

.rela.got
 *(.rela.got)

.rel.bss
 *(.rel.bss)

.rela.bss
 *(.rela.bss)

.rel.plt
 *(.rel.plt)

.rela.plt
 *(.rela.plt)

.text           0x00000000     0x2d0a
 *(.vectors)
 .vectors       0x00000000       0x54 c:/winavr-20100110/bin/../lib/gcc/avr/4.3.3/../../../../avr/lib/avr5/crtm16.o
                0x00000000                __vectors
                0x00000000                __vector_default
 *(.vectors)
 *(.progmem.gcc*)
 *(.progmem*)
                0x00000054                . = ALIGN (0x2)
                0x00000054                __trampolines_start = .
 *(.trampolines)
 .trampolines   0x00000054        0x0 linker stubs
 *(.trampolines*)
                0x00000054                __trampolines_end = .
 *(.jumptables)
 *(.jumptables*)
 *(.lowtext)
 *(.lowtext*)
                0x00000054                __ctors_start = .
 *(.ctors)
                0x00000054                __ctors_end = .
                0x00000054                __dtors_start = .
 *(.dtors)
                0x00000054                __dtors_end = .
 SORT(*)(.ctors)
 SORT(*)(.dtors)
 *(.init0)
 .init0         0x00000054        0x0 c:/winavr-20100110/bin/../lib/gcc/avr/4.3.3/../../../../avr/lib/avr5/crtm16.o
                0x00000054                __init
 *(.init0)
 *(.init1)
 *(.init1)
 *(.init2)
 .init2         0x00000054        0xc c:/winavr-20100110/bin/../lib/gcc/avr/4.3.3/../../../../avr/lib/avr5/crtm16.o
 *(.init2)
 *(.init3)
 *(.init3)
 *(.init4)
 .init4         0x00000060       0x16 c:/winavr-20100110/bin/../lib/gcc/avr/4.3.3/avr5\libgcc.a(_copy_data.o)
                0x00000060                __do_copy_data
 .init4         0x00000076       0x10 c:/winavr-20100110/bin/../lib/gcc/avr/4.3.3/avr5\libgcc.a(_clear_bss.o)
                0x00000076                __do_clear_bss
 *(.init4)
 *(.init5)
 *(.init5)
 *(.init6)
 *(.init6)
 *(.init7)
 *(.init7)
 *(.init8)
 *(.init8)
 *(.init9)
 .init9         0x00000086        0x8 c:/winavr-20100110/bin/../lib/gcc/avr/4.3.3/../../../../avr/lib/avr5/crtm16.o
 *(.init9)
 *(.text)
 .text          0x0000008e        0x4 c:/winavr-20100110/bin/../lib/gcc/avr/4.3.3/../../../../avr/lib/avr5/crtm16.o
                0x0000008e                __vector_1
                0x0000008e                __vector_12
                0x0000008e                __bad_interrupt
                0x0000008e                __vector_3
                0x0000008e                __vector_11
                0x0000008e                __vector_13
                0x0000008e                __vector_17
                0x0000008e                __vector_19
                0x0000008e                __vector_7
                0x0000008e                __vector_5
                0x0000008e                __vector_4
                0x0000008e                __vector_9
                0x0000008e                __vector_2
                0x0000008e                __vector_15
                0x0000008e                __vector_8
                0x0000008e                __vector_14
                0x0000008e                __vector_10
                0x0000008e                __vector_16
                0x0000008e                __vector_18
                0x0000008e                __vector_20
 .text          0x00000092        0x0 ./RTOS_test_EX3.o
 .text          0x00000092        0x0 ./croutine.o
 .text          0x00000092        0x0 ./heap_1.o
 .text          0x00000092        0x0 ./list.o
 .text          0x00000092        0x0 ./port.o
 .text          0x00000092        0x0 ./queue.o
 .text          0x00000092        0x0 ./tasks.o
 .text          0x00000092        0x0 ./timers.o
 .text          0x00000092        0x0 c:/winavr-20100110/bin/../lib/gcc/avr/4.3.3/avr5\libgcc.a(_exit.o)
 .text          0x00000092        0x0 c:/winavr-20100110/bin/../lib/gcc/avr/4.3.3/avr5\libgcc.a(_copy_data.o)
 .text          0x00000092        0x0 c:/winavr-20100110/bin/../lib/gcc/avr/4.3.3/avr5\libgcc.a(_clear_bss.o)
 .text          0x00000092        0x0 c:/winavr-20100110/bin/../lib/gcc/avr/4.3.3/../../../../avr/lib/avr5\libc.a(memcpy.o)
 .text          0x00000092        0x0 c:/winavr-20100110/bin/../lib/gcc/avr/4.3.3/../../../../avr/lib/avr5\libc.a(memset.o)
 .text          0x00000092        0x0 c:/winavr-20100110/bin/../lib/gcc/avr/4.3.3/../../../../avr/lib/avr5\libc.a(strncpy.o)
                0x00000092                . = ALIGN (0x2)
 *(.text.*)
 .text.Blink_200ms_task
                0x00000092       0x36 ./RTOS_test_EX3.o
                0x00000092                Blink_200ms_task
 .text.Blink_1000ms_task
                0x000000c8       0x36 ./RTOS_test_EX3.o
                0x000000c8                Blink_1000ms_task
 .text.main     0x000000fe       0x76 ./RTOS_test_EX3.o
                0x000000fe                main
 .text.xCoRoutineCreate
                0x00000174      0x128 ./croutine.o
                0x00000174                xCoRoutineCreate
 .text.vCoRoutineAddToDelayedList
                0x0000029c       0xc2 ./croutine.o
                0x0000029c                vCoRoutineAddToDelayedList
 .text.prvCheckPendingReadyList
                0x0000035e       0x94 ./croutine.o
 .text.prvCheckDelayedList
                0x000003f2      0x15c ./croutine.o
 .text.vCoRoutineSchedule
                0x0000054e       0xf4 ./croutine.o
                0x0000054e                vCoRoutineSchedule
 .text.prvInitialiseCoRoutineLists
                0x00000642       0x72 ./croutine.o
 .text.xCoRoutineRemoveFromEventList
                0x000006b4       0x70 ./croutine.o
                0x000006b4                xCoRoutineRemoveFromEventList
 .text.pvPortMalloc
                0x00000724       0x8c ./heap_1.o
                0x00000724                pvPortMalloc
 .text.vPortFree
                0x000007b0       0x18 ./heap_1.o
                0x000007b0                vPortFree
 .text.vPortInitialiseBlocks
                0x000007c8       0x16 ./heap_1.o
                0x000007c8                vPortInitialiseBlocks
 .text.xPortGetFreeHeapSize
                0x000007de       0x1e ./heap_1.o
                0x000007de                xPortGetFreeHeapSize
 .text.vListInitialise
                0x000007fc       0x54 ./list.o
                0x000007fc                vListInitialise
 .text.vListInitialiseItem
                0x00000850       0x20 ./list.o
                0x00000850                vListInitialiseItem
 .text.vListInsertEnd
                0x00000870       0x98 ./list.o
                0x00000870                vListInsertEnd
 .text.vListInsert
                0x00000908       0xd8 ./list.o
                0x00000908                vListInsert
 .text.vListRemove
                0x000009e0       0x92 ./list.o
                0x000009e0                vListRemove
 .text.pxPortInitialiseStack
                0x00000a72      0x306 ./port.o
                0x00000a72                pxPortInitialiseStack
 .text.xPortStartScheduler
                0x00000d78       0x6a ./port.o
                0x00000d78                xPortStartScheduler
 .text.vPortEndScheduler
                0x00000de2        0xe ./port.o
                0x00000de2                vPortEndScheduler
 .text.vPortYield
                0x00000df0       0xb2 ./port.o
                0x00000df0                vPortYield
 .text.vPortYieldFromTick
                0x00000ea2       0xb6 ./port.o
                0x00000ea2                vPortYieldFromTick
 .text.prvSetupTimerInterrupt
                0x00000f58       0xb8 ./port.o
 .text.__vector_6
                0x00001010        0x6 ./port.o
                0x00001010                __vector_6
 .text.xQueueCreate
                0x00001016      0x152 ./queue.o
                0x00001016                xQueueCreate
 .text.xQueueGenericSend
                0x00001168      0x13c ./queue.o
                0x00001168                xQueueGenericSend
 .text.xQueueGenericSendFromISR
                0x000012a4       0x9a ./queue.o
                0x000012a4                xQueueGenericSendFromISR
 .text.xQueueGenericReceive
                0x0000133e      0x180 ./queue.o
                0x0000133e                xQueueGenericReceive
 .text.xQueueReceiveFromISR
                0x000014be       0x9e ./queue.o
                0x000014be                xQueueReceiveFromISR
 .text.uxQueueMessagesWaiting
                0x0000155c       0x30 ./queue.o
                0x0000155c                uxQueueMessagesWaiting
 .text.uxQueueMessagesWaitingFromISR
                0x0000158c       0x26 ./queue.o
                0x0000158c                uxQueueMessagesWaitingFromISR
 .text.vQueueDelete
                0x000015b2       0x2c ./queue.o
                0x000015b2                vQueueDelete
 .text.prvCopyDataToQueue
                0x000015de      0x12a ./queue.o
 .text.prvCopyDataFromQueue
                0x00001708       0x90 ./queue.o
 .text.prvUnlockQueue
                0x00001798       0xa8 ./queue.o
 .text.prvIsQueueEmpty
                0x00001840       0x38 ./queue.o
 .text.xQueueIsQueueEmptyFromISR
                0x00001878       0x2e ./queue.o
                0x00001878                xQueueIsQueueEmptyFromISR
 .text.prvIsQueueFull
                0x000018a6       0x3e ./queue.o
 .text.xQueueIsQueueFullFromISR
                0x000018e4       0x34 ./queue.o
                0x000018e4                xQueueIsQueueFullFromISR
 .text.xTaskGenericCreate
                0x00001918      0x1da ./tasks.o
                0x00001918                xTaskGenericCreate
 .text.vTaskDelete
                0x00001af2       0xc6 ./tasks.o
                0x00001af2                vTaskDelete
 .text.vTaskDelayUntil
                0x00001bb8       0xe8 ./tasks.o
                0x00001bb8                vTaskDelayUntil
 .text.vTaskDelay
                0x00001ca0       0x6a ./tasks.o
                0x00001ca0                vTaskDelay
 .text.uxTaskPriorityGet
                0x00001d0a       0x64 ./tasks.o
                0x00001d0a                uxTaskPriorityGet
 .text.vTaskPrioritySet
                0x00001d6e      0x15a ./tasks.o
                0x00001d6e                vTaskPrioritySet
 .text.vTaskSuspend
                0x00001ec8       0xce ./tasks.o
                0x00001ec8                vTaskSuspend
 .text.xTaskIsTaskSuspended
                0x00001f96       0x5e ./tasks.o
                0x00001f96                xTaskIsTaskSuspended
 .text.vTaskResume
                0x00001ff4       0xc8 ./tasks.o
                0x00001ff4                vTaskResume
 .text.xTaskResumeFromISR
                0x000020bc       0xca ./tasks.o
                0x000020bc                xTaskResumeFromISR
 .text.vTaskStartScheduler
                0x00002186       0x70 ./tasks.o
                0x00002186                vTaskStartScheduler
 .text.vTaskEndScheduler
                0x000021f6       0x18 ./tasks.o
                0x000021f6                vTaskEndScheduler
 .text.vTaskSuspendAll
                0x0000220e       0x18 ./tasks.o
                0x0000220e                vTaskSuspendAll
 .text.xTaskResumeAll
                0x00002226      0x114 ./tasks.o
                0x00002226                xTaskResumeAll
 .text.xTaskGetTickCount
                0x0000233a       0x2e ./tasks.o
                0x0000233a                xTaskGetTickCount
 .text.xTaskGetTickCountFromISR
                0x00002368       0x2a ./tasks.o
                0x00002368                xTaskGetTickCountFromISR
 .text.uxTaskGetNumberOfTasks
                0x00002392       0x12 ./tasks.o
                0x00002392                uxTaskGetNumberOfTasks
 .text.xTaskGetIdleTaskHandle
                0x000023a4       0x16 ./tasks.o
                0x000023a4                xTaskGetIdleTaskHandle
 .text.vTaskIncrementTick
                0x000023ba      0x1aa ./tasks.o
                0x000023ba                vTaskIncrementTick
 .text.vTaskSwitchContext
                0x00002564       0xcc ./tasks.o
                0x00002564                vTaskSwitchContext
 .text.vTaskPlaceOnEventList
                0x00002630       0x92 ./tasks.o
                0x00002630                vTaskPlaceOnEventList
 .text.xTaskRemoveFromEventList
                0x000026c2       0xd0 ./tasks.o
                0x000026c2                xTaskRemoveFromEventList
 .text.vTaskSetTimeOutState
                0x00002792       0x32 ./tasks.o
                0x00002792                vTaskSetTimeOutState
 .text.xTaskCheckForTimeOut
                0x000027c4       0xce ./tasks.o
                0x000027c4                xTaskCheckForTimeOut
 .text.vTaskMissedYield
                0x00002892       0x14 ./tasks.o
                0x00002892                vTaskMissedYield
 .text.prvIdleTask
                0x000028a6       0x14 ./tasks.o
 .text.prvInitialiseTCBVariables
                0x000028ba       0xae ./tasks.o
 .text.prvInitialiseTaskLists
                0x00002968       0x82 ./tasks.o
 .text.prvCheckTasksWaitingTermination
                0x000029ea       0x7c ./tasks.o
 .text.prvAddCurrentTaskToDelayedList
                0x00002a66       0x92 ./tasks.o
 .text.prvAllocateTCBAndStack
                0x00002af8       0xa0 ./tasks.o
 .text.usTaskCheckFreeStackSpace
                0x00002b98       0x46 ./tasks.o
 .text.uxTaskGetStackHighWaterMark
                0x00002bde       0x68 ./tasks.o
                0x00002bde                uxTaskGetStackHighWaterMark
 .text.prvDeleteTCB
                0x00002c46       0x2c ./tasks.o
 .text.xTaskGetCurrentTaskHandle
                0x00002c72       0x24 ./tasks.o
                0x00002c72                xTaskGetCurrentTaskHandle
 .text.xTaskGetSchedulerState
                0x00002c96       0x32 ./tasks.o
                0x00002c96                xTaskGetSchedulerState
 .text.libgcc   0x00002cc8        0x0 c:/winavr-20100110/bin/../lib/gcc/avr/4.3.3/avr5\libgcc.a(_exit.o)
 .text.libgcc   0x00002cc8        0x0 c:/winavr-20100110/bin/../lib/gcc/avr/4.3.3/avr5\libgcc.a(_copy_data.o)
 .text.libgcc   0x00002cc8        0x0 c:/winavr-20100110/bin/../lib/gcc/avr/4.3.3/avr5\libgcc.a(_clear_bss.o)
 .text.avr-libc
                0x00002cc8       0x12 c:/winavr-20100110/bin/../lib/gcc/avr/4.3.3/../../../../avr/lib/avr5\libc.a(memcpy.o)
                0x00002cc8                memcpy
 .text.avr-libc
                0x00002cda        0xe c:/winavr-20100110/bin/../lib/gcc/avr/4.3.3/../../../../avr/lib/avr5\libc.a(memset.o)
                0x00002cda                memset
 .text.avr-libc
                0x00002ce8       0x1e c:/winavr-20100110/bin/../lib/gcc/avr/4.3.3/../../../../avr/lib/avr5\libc.a(strncpy.o)
                0x00002ce8                strncpy
                0x00002d06                . = ALIGN (0x2)
 *(.fini9)
 .fini9         0x00002d06        0x0 c:/winavr-20100110/bin/../lib/gcc/avr/4.3.3/avr5\libgcc.a(_exit.o)
                0x00002d06                exit
                0x00002d06                _exit
 *(.fini9)
 *(.fini8)
 *(.fini8)
 *(.fini7)
 *(.fini7)
 *(.fini6)
 *(.fini6)
 *(.fini5)
 *(.fini5)
 *(.fini4)
 *(.fini4)
 *(.fini3)
 *(.fini3)
 *(.fini2)
 *(.fini2)
 *(.fini1)
 *(.fini1)
 *(.fini0)
 .fini0         0x00002d06        0x4 c:/winavr-20100110/bin/../lib/gcc/avr/4.3.3/avr5\libgcc.a(_exit.o)
 *(.fini0)
                0x00002d0a                _etext = .

.data           0x00800060        0x8 load address 0x00002d0a
                0x00800060                PROVIDE (__data_start, .)
 *(.data)
 .data          0x00800060        0x0 c:/winavr-20100110/bin/../lib/gcc/avr/4.3.3/../../../../avr/lib/avr5/crtm16.o
 .data          0x00800060        0x0 ./RTOS_test_EX3.o
 .data          0x00800060        0x0 ./croutine.o
 .data          0x00800060        0x0 ./heap_1.o
 .data          0x00800060        0x0 ./list.o
 .data          0x00800060        0x0 ./port.o
 .data          0x00800060        0x0 ./queue.o
 .data          0x00800060        0x5 ./tasks.o
 .data          0x00800065        0x0 ./timers.o
 .data          0x00800065        0x0 c:/winavr-20100110/bin/../lib/gcc/avr/4.3.3/avr5\libgcc.a(_exit.o)
 .data          0x00800065        0x0 c:/winavr-20100110/bin/../lib/gcc/avr/4.3.3/avr5\libgcc.a(_copy_data.o)
 .data          0x00800065        0x0 c:/winavr-20100110/bin/../lib/gcc/avr/4.3.3/avr5\libgcc.a(_clear_bss.o)
 .data          0x00800065        0x0 c:/winavr-20100110/bin/../lib/gcc/avr/4.3.3/../../../../avr/lib/avr5\libc.a(memcpy.o)
 .data          0x00800065        0x0 c:/winavr-20100110/bin/../lib/gcc/avr/4.3.3/../../../../avr/lib/avr5\libc.a(memset.o)
 .data          0x00800065        0x0 c:/winavr-20100110/bin/../lib/gcc/avr/4.3.3/../../../../avr/lib/avr5\libc.a(strncpy.o)
 *(.data*)
 .data.xNextTaskUnblockTime
                0x00800065        0x2 ./tasks.o
 *(.rodata)
 *(.rodata*)
 *(.gnu.linkonce.d*)
                0x00800068                . = ALIGN (0x2)
 *fill*         0x00800067        0x1 00
                0x00800068                _edata = .
                0x00800068                PROVIDE (__data_end, .)

.bss            0x00800068      0x2f0
                0x00800068                PROVIDE (__bss_start, .)
 *(.bss)
 .bss           0x00800068        0x0 c:/winavr-20100110/bin/../lib/gcc/avr/4.3.3/../../../../avr/lib/avr5/crtm16.o
 .bss           0x00800068        0x0 ./RTOS_test_EX3.o
 .bss           0x00800068        0x0 ./croutine.o
 .bss           0x00800068        0x0 ./heap_1.o
 .bss           0x00800068        0x0 ./list.o
 .bss           0x00800068        0x0 ./port.o
 .bss           0x00800068        0x0 ./queue.o
 .bss           0x00800068        0x0 ./tasks.o
 .bss           0x00800068        0x0 ./timers.o
 .bss           0x00800068        0x0 c:/winavr-20100110/bin/../lib/gcc/avr/4.3.3/avr5\libgcc.a(_exit.o)
 .bss           0x00800068        0x0 c:/winavr-20100110/bin/../lib/gcc/avr/4.3.3/avr5\libgcc.a(_copy_data.o)
 .bss           0x00800068        0x0 c:/winavr-20100110/bin/../lib/gcc/avr/4.3.3/avr5\libgcc.a(_clear_bss.o)
 .bss           0x00800068        0x0 c:/winavr-20100110/bin/../lib/gcc/avr/4.3.3/../../../../avr/lib/avr5\libc.a(memcpy.o)
 .bss           0x00800068        0x0 c:/winavr-20100110/bin/../lib/gcc/avr/4.3.3/../../../../avr/lib/avr5\libc.a(memset.o)
 .bss           0x00800068        0x0 c:/winavr-20100110/bin/../lib/gcc/avr/4.3.3/../../../../avr/lib/avr5\libc.a(strncpy.o)
 *(.bss*)
 .bss.pxCurrentCoRoutine
                0x00800068        0x2 ./croutine.o
                0x00800068                pxCurrentCoRoutine
 .bss.uxTopCoRoutineReadyPriority
                0x0080006a        0x1 ./croutine.o
 .bss.xCoRoutineTickCount
                0x0080006b        0x2 ./croutine.o
 .bss.xLastTickCount
                0x0080006d        0x2 ./croutine.o
 .bss.xPassedTicks
                0x0080006f        0x2 ./croutine.o
 .bss.pxReadyCoRoutineLists
                0x00800071       0x12 ./croutine.o
 .bss.xDelayedCoRoutineList1
                0x00800083        0x9 ./croutine.o
 .bss.xDelayedCoRoutineList2
                0x0080008c        0x9 ./croutine.o
 .bss.pxDelayedCoRoutineList
                0x00800095        0x2 ./croutine.o
 .bss.pxOverflowDelayedCoRoutineList
                0x00800097        0x2 ./croutine.o
 .bss.xPendingReadyCoRoutineList
                0x00800099        0x9 ./croutine.o
 .bss.xNextFreeByte
                0x008000a2        0x2 ./heap_1.o
 .bss.xHeap     0x008000a4      0x258 ./heap_1.o
 .bss.pxCurrentTCB
                0x008002fc        0x2 ./tasks.o
                0x008002fc                pxCurrentTCB
 .bss.uxTasksDeleted
                0x008002fe        0x1 ./tasks.o
 .bss.xIdleTaskHandle
                0x008002ff        0x2 ./tasks.o
 .bss.uxCurrentNumberOfTasks
                0x00800301        0x1 ./tasks.o
 .bss.xTickCount
                0x00800302        0x2 ./tasks.o
 .bss.uxTopUsedPriority
                0x00800304        0x1 ./tasks.o
 .bss.uxTopReadyPriority
                0x00800305        0x1 ./tasks.o
 .bss.xSchedulerRunning
                0x00800306        0x1 ./tasks.o
 .bss.uxSchedulerSuspended
                0x00800307        0x1 ./tasks.o
 .bss.uxMissedTicks
                0x00800308        0x1 ./tasks.o
 .bss.xMissedYield
                0x00800309        0x1 ./tasks.o
 .bss.xNumOfOverflows
                0x0080030a        0x1 ./tasks.o
 .bss.uxTaskNumber
                0x0080030b        0x1 ./tasks.o
 .bss.pxReadyTasksLists
                0x0080030c       0x1b ./tasks.o
 .bss.xDelayedTaskList1
                0x00800327        0x9 ./tasks.o
 .bss.xDelayedTaskList2
                0x00800330        0x9 ./tasks.o
 .bss.pxDelayedTaskList
                0x00800339        0x2 ./tasks.o
 .bss.pxOverflowDelayedTaskList
                0x0080033b        0x2 ./tasks.o
 .bss.xPendingReadyList
                0x0080033d        0x9 ./tasks.o
 .bss.xTasksWaitingTermination
                0x00800346        0x9 ./tasks.o
 .bss.xSuspendedTaskList
                0x0080034f        0x9 ./tasks.o
 *(COMMON)
                0x00800358                PROVIDE (__bss_end, .)
                0x00002d0a                __data_load_start = LOADADDR (.data)
                0x00002d12                __data_load_end = (__data_load_start + SIZEOF (.data))

.noinit         0x00800358        0x0
                0x00800358                PROVIDE (__noinit_start, .)
 *(.noinit*)
                0x00800358                PROVIDE (__noinit_end, .)
                0x00800358                _end = .
                0x00800358                PROVIDE (__heap_start, .)

.eeprom         0x00810000        0x0
 *(.eeprom*)
                0x00810000                __eeprom_end = .

.fuse
 *(.fuse)
 *(.lfuse)
 *(.hfuse)
 *(.efuse)

.lock
 *(.lock*)

.signature
 *(.signature*)

.stab           0x00000000     0x4b84
 *(.stab)
 .stab          0x00000000      0x558 ./RTOS_test_EX3.o
 .stab          0x00000558      0x84c ./croutine.o
                                0xb40 (size before relaxing)
 .stab          0x00000da4      0x354 ./heap_1.o
                                0x624 (size before relaxing)
 .stab          0x000010f8      0x474 ./list.o
                                0x750 (size before relaxing)
 .stab          0x0000156c      0x840 ./port.o
                                0xb70 (size before relaxing)
 .stab          0x00001dac      0xe94 ./queue.o
                               0x11d0 (size before relaxing)
 .stab          0x00002c40     0x1d7c ./tasks.o
                               0x1fd4 (size before relaxing)
 .stab          0x000049bc      0x1c8 ./timers.o
                                0x4c8 (size before relaxing)

.stabstr        0x00000000     0x2b8e
 *(.stabstr)
 .stabstr       0x00000000     0x2b8e ./RTOS_test_EX3.o

.stab.excl
 *(.stab.excl)

.stab.exclstr
 *(.stab.exclstr)

.stab.index
 *(.stab.index)

.stab.indexstr
 *(.stab.indexstr)

.comment
 *(.comment)

.debug
 *(.debug)

.line
 *(.line)

.debug_srcinfo
 *(.debug_srcinfo)

.debug_sfnames
 *(.debug_sfnames)

.debug_aranges
 *(.debug_aranges)

.debug_pubnames
 *(.debug_pubnames)

.debug_info
 *(.debug_info)
 *(.gnu.linkonce.wi.*)

.debug_abbrev
 *(.debug_abbrev)

.debug_line
 *(.debug_line)

.debug_frame
 *(.debug_frame)

.debug_str
 *(.debug_str)

.debug_loc
 *(.debug_loc)

.debug_macinfo
 *(.debug_macinfo)
OUTPUT(FreeRTOS_Semaphore.elf elf32-avr)
LOAD linker stubs
